
==============================================================================
00:05:53  guardiano acceso — sola lettura su http://127.0.0.1:4173
==============================================================================
00:05:53  partenza: 255 movimenti, 199 giacenze, 2 attivita' aperte
          !! ATTIVITA' CHIUSA SENZA MOVIMENTI: TA-MSRDCJ98-J3N9 PICK_SHIP risulta fatta ma nessun movimento la nomina
          !! ATTIVITA' CHIUSA SENZA MOVIMENTI: TA-MSRDVHJV-A5X4 PICK_RET risulta fatta ma nessun movimento la nomina
          !! ATTIVITA' CHIUSA SENZA MOVIMENTI: TA-MSRLWXPI-X9XY COUNT risulta fatta ma nessun movimento la nomina
00:06:10  MOV  MOVE 6000296#262185 MAG-ACC-06 -> M03-STK-02-01-T colli 1->1 (d 0) um d None [ANAD]
          !! TRASFERIMENTO A DELTA ZERO: MAG-ACC-06 -> M03-STK-02-01-T con saldo 1->1. Il registro dice che non si e' mosso niente
00:06:23  ---  riga esaurita: 6000296#262185 da MAG-ACC-06
          !! ATTIVITA' CHIUSA SENZA MOVIMENTI: TA-MSRDCJ98-J3N9 PICK_SHIP risulta fatta ma nessun movimento la nomina
          !! ATTIVITA' CHIUSA SENZA MOVIMENTI: TA-MSRDVHJV-A5X4 PICK_RET risulta fatta ma nessun movimento la nomina
          !! ATTIVITA' CHIUSA SENZA MOVIMENTI: TA-MSRLWXPI-X9XY COUNT risulta fatta ma nessun movimento la nomina
00:06:23  ATT  TA-MT0N4CWQ-TFUT in_progress->in_progress fatto 0->1
          !! ATTIVITA' CHIUSA SENZA MOVIMENTI: TA-MSRDCJ98-J3N9 PICK_SHIP risulta fatta ma nessun movimento la nomina
          !! ATTIVITA' CHIUSA SENZA MOVIMENTI: TA-MSRDVHJV-A5X4 PICK_RET risulta fatta ma nessun movimento la nomina
          !! ATTIVITA' CHIUSA SENZA MOVIMENTI: TA-MSRLWXPI-X9XY COUNT risulta fatta ma nessun movimento la nomina
00:06:39  ATT  TA-MT0N4JYO-5FER requested->in_progress fatto 0->0
00:06:48  MOV  MOVE 6000006#261794 MAG-ACC-05 -> M03-STK-01-04-A colli 1->1 (d 0) um d None [ANAD]
          !! TRASFERIMENTO A DELTA ZERO: MAG-ACC-05 -> M03-STK-01-04-A con saldo 1->1. Il registro dice che non si e' mosso niente
00:06:54  ---  riga esaurita: 6000006#261794 da MAG-ACC-05
          !! ATTIVITA' CHIUSA SENZA MOVIMENTI: TA-MSRDCJ98-J3N9 PICK_SHIP risulta fatta ma nessun movimento la nomina
          !! ATTIVITA' CHIUSA SENZA MOVIMENTI: TA-MSRDVHJV-A5X4 PICK_RET risulta fatta ma nessun movimento la nomina
          !! ATTIVITA' CHIUSA SENZA MOVIMENTI: TA-MSRLWXPI-X9XY COUNT risulta fatta ma nessun movimento la nomina
00:06:54  ATT  TA-MT0N4JYO-5FER in_progress->in_progress fatto 0->1
          !! ATTIVITA' CHIUSA SENZA MOVIMENTI: TA-MSRDCJ98-J3N9 PICK_SHIP risulta fatta ma nessun movimento la nomina
          !! ATTIVITA' CHIUSA SENZA MOVIMENTI: TA-MSRDVHJV-A5X4 PICK_RET risulta fatta ma nessun movimento la nomina
          !! ATTIVITA' CHIUSA SENZA MOVIMENTI: TA-MSRLWXPI-X9XY COUNT risulta fatta ma nessun movimento la nomina
          !! ATTIVITA' CHIUSA SENZA MOVIMENTI: TA-MSRDCJ98-J3N9 PICK_SHIP risulta fatta ma nessun movimento la nomina
          !! ATTIVITA' CHIUSA SENZA MOVIMENTI: TA-MSRDVHJV-A5X4 PICK_RET risulta fatta ma nessun movimento la nomina
          !! ATTIVITA' CHIUSA SENZA MOVIMENTI: TA-MSRLWXPI-X9XY COUNT risulta fatta ma nessun movimento la nomina
00:07:34  MOV  PICK 6000006#261794 M03-STK-01-04-A colli 1->0 (d -1) um d None [ANAD] doc ODP2603889
00:07:39  ---  riga esaurita: 6000006#261794 da M03-STK-01-04-A
          !! ATTIVITA' CHIUSA SENZA MOVIMENTI: TA-MSRDCJ98-J3N9 PICK_SHIP risulta fatta ma nessun movimento la nomina
          !! ATTIVITA' CHIUSA SENZA MOVIMENTI: TA-MSRDVHJV-A5X4 PICK_RET risulta fatta ma nessun movimento la nomina
          !! ATTIVITA' CHIUSA SENZA MOVIMENTI: TA-MSRLWXPI-X9XY COUNT risulta fatta ma nessun movimento la nomina
00:07:52  MOV  PICK 6000149#261177 M03-STK-02-03-B colli 10->8 (d -2) um d None [ANAD] doc ODP2603889
          !! ATTIVITA' CHIUSA SENZA MOVIMENTI: TA-MSRDCJ98-J3N9 PICK_SHIP risulta fatta ma nessun movimento la nomina
          !! ATTIVITA' CHIUSA SENZA MOVIMENTI: TA-MSRDVHJV-A5X4 PICK_RET risulta fatta ma nessun movimento la nomina
          !! ATTIVITA' CHIUSA SENZA MOVIMENTI: TA-MSRLWXPI-X9XY COUNT risulta fatta ma nessun movimento la nomina
00:08:08  MOV  PICK 6000296#262185 M03-STK-02-01-T colli 1->0 (d -1) um d None [ANAD] doc ODP2603889
00:08:09  ---  riga esaurita: 6000296#262185 da M03-STK-02-01-T
          !! ATTIVITA' CHIUSA SENZA MOVIMENTI: TA-MSRDCJ98-J3N9 PICK_SHIP risulta fatta ma nessun movimento la nomina
          !! ATTIVITA' CHIUSA SENZA MOVIMENTI: TA-MSRDVHJV-A5X4 PICK_RET risulta fatta ma nessun movimento la nomina
          !! ATTIVITA' CHIUSA SENZA MOVIMENTI: TA-MSRLWXPI-X9XY COUNT risulta fatta ma nessun movimento la nomina
          !! ATTIVITA' CHIUSA SENZA MOVIMENTI: TA-MSRDCJ98-J3N9 PICK_SHIP risulta fatta ma nessun movimento la nomina
          !! ATTIVITA' CHIUSA SENZA MOVIMENTI: TA-MSRDVHJV-A5X4 PICK_RET risulta fatta ma nessun movimento la nomina
          !! ATTIVITA' CHIUSA SENZA MOVIMENTI: TA-MSRLWXPI-X9XY COUNT risulta fatta ma nessun movimento la nomina
          !! ATTIVITA' CHIUSA SENZA MOVIMENTI: TA-MSRDCJ98-J3N9 PICK_SHIP risulta fatta ma nessun movimento la nomina
          !! ATTIVITA' CHIUSA SENZA MOVIMENTI: TA-MSRDVHJV-A5X4 PICK_RET risulta fatta ma nessun movimento la nomina
          !! ATTIVITA' CHIUSA SENZA MOVIMENTI: TA-MSRLWXPI-X9XY COUNT risulta fatta ma nessun movimento la nomina
          !! ATTIVITA' CHIUSA SENZA MOVIMENTI: TA-MSRDCJ98-J3N9 PICK_SHIP risulta fatta ma nessun movimento la nomina
          !! ATTIVITA' CHIUSA SENZA MOVIMENTI: TA-MSRDVHJV-A5X4 PICK_RET risulta fatta ma nessun movimento la nomina
          !! ATTIVITA' CHIUSA SENZA MOVIMENTI: TA-MSRLWXPI-X9XY COUNT risulta fatta ma nessun movimento la nomina
          !! ATTIVITA' CHIUSA SENZA MOVIMENTI: TA-MSRDCJ98-J3N9 PICK_SHIP risulta fatta ma nessun movimento la nomina
          !! ATTIVITA' CHIUSA SENZA MOVIMENTI: TA-MSRDVHJV-A5X4 PICK_RET risulta fatta ma nessun movimento la nomina
          !! ATTIVITA' CHIUSA SENZA MOVIMENTI: TA-MSRLWXPI-X9XY COUNT risulta fatta ma nessun movimento la nomina
          !! ATTIVITA' CHIUSA SENZA MOVIMENTI: TA-MSRDCJ98-J3N9 PICK_SHIP risulta fatta ma nessun movimento la nomina
          !! ATTIVITA' CHIUSA SENZA MOVIMENTI: TA-MSRDVHJV-A5X4 PICK_RET risulta fatta ma nessun movimento la nomina
          !! ATTIVITA' CHIUSA SENZA MOVIMENTI: TA-MSRLWXPI-X9XY COUNT risulta fatta ma nessun movimento la nomina
          !! ATTIVITA' CHIUSA SENZA MOVIMENTI: TA-MSRDCJ98-J3N9 PICK_SHIP risulta fatta ma nessun movimento la nomina
          !! ATTIVITA' CHIUSA SENZA MOVIMENTI: TA-MSRDVHJV-A5X4 PICK_RET risulta fatta ma nessun movimento la nomina
          !! ATTIVITA' CHIUSA SENZA MOVIMENTI: TA-MSRLWXPI-X9XY COUNT risulta fatta ma nessun movimento la nomina
          !! ATTIVITA' CHIUSA SENZA MOVIMENTI: TA-MSRDCJ98-J3N9 PICK_SHIP risulta fatta ma nessun movimento la nomina
          !! ATTIVITA' CHIUSA SENZA MOVIMENTI: TA-MSRDVHJV-A5X4 PICK_RET risulta fatta ma nessun movimento la nomina
          !! ATTIVITA' CHIUSA SENZA MOVIMENTI: TA-MSRLWXPI-X9XY COUNT risulta fatta ma nessun movimento la nomina
00:09:55  MOV  MOVE 6000149#261177 M06-COM-01 -> MAG-ACC-04 colli None->None (d None) um d None [ANAD]
          !! MOVIMENTO SENZA QUANTITA': qty_delta assente
00:10:02  MOV  MOVE 6000296#262185 M06-COM-01 -> MAG-ACC-04 colli None->None (d None) um d None [ANAD]
          !! MOVIMENTO SENZA QUANTITA': qty_delta assente
00:10:07  MOV  PICK 6000006#261794 M06-COM-01 colli 1->0 (d -1) um d None [ANAD] doc ODP2603889
00:10:07  MOV  PICK 6000149#261177 M06-COM-01 colli 1->0 (d -1) um d None [ANAD] doc ODP2603889
00:10:09  ---  riga esaurita: 6000006#261794 da M06-COM-01
00:10:09  ---  riga esaurita: 6000149#261177 da M06-COM-01
00:10:09  ---  riga esaurita: 6000296#262185 da M06-COM-01
          !! ATTIVITA' CHIUSA SENZA MOVIMENTI: TA-MSRDCJ98-J3N9 PICK_SHIP risulta fatta ma nessun movimento la nomina
          !! ATTIVITA' CHIUSA SENZA MOVIMENTI: TA-MSRDVHJV-A5X4 PICK_RET risulta fatta ma nessun movimento la nomina
          !! ATTIVITA' CHIUSA SENZA MOVIMENTI: TA-MSRLWXPI-X9XY COUNT risulta fatta ma nessun movimento la nomina
          !! ATTIVITA' CHIUSA SENZA MOVIMENTI: TA-MSRDCJ98-J3N9 PICK_SHIP risulta fatta ma nessun movimento la nomina
          !! ATTIVITA' CHIUSA SENZA MOVIMENTI: TA-MSRDVHJV-A5X4 PICK_RET risulta fatta ma nessun movimento la nomina
          !! ATTIVITA' CHIUSA SENZA MOVIMENTI: TA-MSRLWXPI-X9XY COUNT risulta fatta ma nessun movimento la nomina
          !! ATTIVITA' CHIUSA SENZA MOVIMENTI: TA-MSRDCJ98-J3N9 PICK_SHIP risulta fatta ma nessun movimento la nomina
          !! ATTIVITA' CHIUSA SENZA MOVIMENTI: TA-MSRDVHJV-A5X4 PICK_RET risulta fatta ma nessun movimento la nomina
          !! ATTIVITA' CHIUSA SENZA MOVIMENTI: TA-MSRLWXPI-X9XY COUNT risulta fatta ma nessun movimento la nomina
          !! ATTIVITA' CHIUSA SENZA MOVIMENTI: TA-MSRDCJ98-J3N9 PICK_SHIP risulta fatta ma nessun movimento la nomina
          !! ATTIVITA' CHIUSA SENZA MOVIMENTI: TA-MSRDVHJV-A5X4 PICK_RET risulta fatta ma nessun movimento la nomina
          !! ATTIVITA' CHIUSA SENZA MOVIMENTI: TA-MSRLWXPI-X9XY COUNT risulta fatta ma nessun movimento la nomina
          !! ATTIVITA' CHIUSA SENZA MOVIMENTI: TA-MSRDCJ98-J3N9 PICK_SHIP risulta fatta ma nessun movimento la nomina
          !! ATTIVITA' CHIUSA SENZA MOVIMENTI: TA-MSRDVHJV-A5X4 PICK_RET risulta fatta ma nessun movimento la nomina
          !! ATTIVITA' CHIUSA SENZA MOVIMENTI: TA-MSRLWXPI-X9XY COUNT risulta fatta ma nessun movimento la nomina
          !! ATTIVITA' CHIUSA SENZA MOVIMENTI: TA-MSRDCJ98-J3N9 PICK_SHIP risulta fatta ma nessun movimento la nomina
          !! ATTIVITA' CHIUSA SENZA MOVIMENTI: TA-MSRDVHJV-A5X4 PICK_RET risulta fatta ma nessun movimento la nomina
          !! ATTIVITA' CHIUSA SENZA MOVIMENTI: TA-MSRLWXPI-X9XY COUNT risulta fatta ma nessun movimento la nomina
00:11:31  MOV  MOVE 6000366B#123456 MAG-SCA-01-03-B -> MAG-ACC-03 colli 10->5 (d -5) um d None [ANAD]
          !! ATTIVITA' CHIUSA SENZA MOVIMENTI: TA-MSRDCJ98-J3N9 PICK_SHIP risulta fatta ma nessun movimento la nomina
          !! ATTIVITA' CHIUSA SENZA MOVIMENTI: TA-MSRDVHJV-A5X4 PICK_RET risulta fatta ma nessun movimento la nomina
          !! ATTIVITA' CHIUSA SENZA MOVIMENTI: TA-MSRLWXPI-X9XY COUNT risulta fatta ma nessun movimento la nomina
          !! ATTIVITA' CHIUSA SENZA MOVIMENTI: TA-MSRDCJ98-J3N9 PICK_SHIP risulta fatta ma nessun movimento la nomina
          !! ATTIVITA' CHIUSA SENZA MOVIMENTI: TA-MSRDVHJV-A5X4 PICK_RET risulta fatta ma nessun movimento la nomina
          !! ATTIVITA' CHIUSA SENZA MOVIMENTI: TA-MSRLWXPI-X9XY COUNT risulta fatta ma nessun movimento la nomina
          !! ATTIVITA' CHIUSA SENZA MOVIMENTI: TA-MSRDCJ98-J3N9 PICK_SHIP risulta fatta ma nessun movimento la nomina
          !! ATTIVITA' CHIUSA SENZA MOVIMENTI: TA-MSRDVHJV-A5X4 PICK_RET risulta fatta ma nessun movimento la nomina
          !! ATTIVITA' CHIUSA SENZA MOVIMENTI: TA-MSRLWXPI-X9XY COUNT risulta fatta ma nessun movimento la nomina
          !! ATTIVITA' CHIUSA SENZA MOVIMENTI: TA-MSRDCJ98-J3N9 PICK_SHIP risulta fatta ma nessun movimento la nomina
          !! ATTIVITA' CHIUSA SENZA MOVIMENTI: TA-MSRDVHJV-A5X4 PICK_RET risulta fatta ma nessun movimento la nomina
          !! ATTIVITA' CHIUSA SENZA MOVIMENTI: TA-MSRLWXPI-X9XY COUNT risulta fatta ma nessun movimento la nomina
          !! ATTIVITA' CHIUSA SENZA MOVIMENTI: TA-MSRDCJ98-J3N9 PICK_SHIP risulta fatta ma nessun movimento la nomina
          !! ATTIVITA' CHIUSA SENZA MOVIMENTI: TA-MSRDVHJV-A5X4 PICK_RET risulta fatta ma nessun movimento la nomina
          !! ATTIVITA' CHIUSA SENZA MOVIMENTI: TA-MSRLWXPI-X9XY COUNT risulta fatta ma nessun movimento la nomina
00:12:44  MOV  MOVE 3502752#261519 MAG-SCA-01-07-B -> MAG-ACC-04 colli 2->2 (d 0) um d None [ANAD] doc Q-MT091SD7
          !! TRASFERIMENTO A DELTA ZERO: MAG-SCA-01-07-B -> MAG-ACC-04 con saldo 2->2. Il registro dice che non si e' mosso niente
00:12:44  MOV  QREL 3502752#261519 MAG-SCA-01-07-B -> MAG-ACC-04 colli None->None (d None) um d None [ANAD] doc Q-MT091SD7
          !! MOVIMENTO SENZA QUANTITA': qty_delta assente
00:12:50  MOV  MOVE 3502751#261518 MAG-SCA-01-07-B -> MAG-ACC-04 colli 1->1 (d 0) um d None [ANAD] doc Q-MT091SFT
          !! TRASFERIMENTO A DELTA ZERO: MAG-SCA-01-07-B -> MAG-ACC-04 con saldo 1->1. Il registro dice che non si e' mosso niente
00:12:50  MOV  QREL 3502751#261518 MAG-SCA-01-07-B -> MAG-ACC-04 colli None->None (d None) um d None [ANAD] doc Q-MT091SFT
          !! MOVIMENTO SENZA QUANTITA': qty_delta assente
00:12:55  ---  riga esaurita: 3502752#261519 da MAG-SCA-01-07-B
00:12:55  ---  riga esaurita: 3502751#261518 da MAG-SCA-01-07-B
          !! ATTIVITA' CHIUSA SENZA MOVIMENTI: TA-MSRDCJ98-J3N9 PICK_SHIP risulta fatta ma nessun movimento la nomina
          !! ATTIVITA' CHIUSA SENZA MOVIMENTI: TA-MSRDVHJV-A5X4 PICK_RET risulta fatta ma nessun movimento la nomina
          !! ATTIVITA' CHIUSA SENZA MOVIMENTI: TA-MSRLWXPI-X9XY COUNT risulta fatta ma nessun movimento la nomina
00:12:55  QUA  Q-MT091SD7 active->released
00:12:55  QUA  Q-MT091SFT active->released
00:12:55  MOV  MOVE 3502679#261242 MAG-SCA-01-07-B -> MAG-ACC-03 colli 2->2 (d 0) um d None [ANAD] doc Q-MT091SEK
          !! TRASFERIMENTO A DELTA ZERO: MAG-SCA-01-07-B -> MAG-ACC-03 con saldo 2->2. Il registro dice che non si e' mosso niente
00:12:55  MOV  QREL 3502679#261242 MAG-SCA-01-07-B -> MAG-ACC-03 colli None->None (d None) um d None [ANAD] doc Q-MT091SEK
          !! MOVIMENTO SENZA QUANTITA': qty_delta assente
00:13:07  MOV  EDIT # MAG-ACC-03 colli None->None (d None) um d None [ANAD]
00:13:10  ---  riga esaurita: 3502679#261242 da MAG-SCA-01-07-B
          !! ATTIVITA' CHIUSA SENZA MOVIMENTI: TA-MSRDCJ98-J3N9 PICK_SHIP risulta fatta ma nessun movimento la nomina
          !! ATTIVITA' CHIUSA SENZA MOVIMENTI: TA-MSRDVHJV-A5X4 PICK_RET risulta fatta ma nessun movimento la nomina
          !! ATTIVITA' CHIUSA SENZA MOVIMENTI: TA-MSRLWXPI-X9XY COUNT risulta fatta ma nessun movimento la nomina
00:13:10  QUA  Q-MT091SEK active->released
00:13:10  UDC  nasce 012345670000000053 in MAG-ACC-03
00:13:12  MOV  EDIT 123456#qwert MAG-ACC-03 colli None->None (d None) um d None [ANAD]
00:13:13  MOV  EDIT 7000924#123456 MAG-ACC-03 colli None->None (d None) um d None [ANAD]
00:13:14  MOV  EDIT 6000366B#123456 MAG-ACC-03 colli None->None (d None) um d None [ANAD]
00:13:14  MOV  EDIT 3502679#261242 MAG-ACC-03 colli None->None (d None) um d None [ANAD]
          !! ATTIVITA' CHIUSA SENZA MOVIMENTI: TA-MSRDCJ98-J3N9 PICK_SHIP risulta fatta ma nessun movimento la nomina
          !! ATTIVITA' CHIUSA SENZA MOVIMENTI: TA-MSRDVHJV-A5X4 PICK_RET risulta fatta ma nessun movimento la nomina
          !! ATTIVITA' CHIUSA SENZA MOVIMENTI: TA-MSRLWXPI-X9XY COUNT risulta fatta ma nessun movimento la nomina
          !! ATTIVITA' CHIUSA SENZA MOVIMENTI: TA-MSRDCJ98-J3N9 PICK_SHIP risulta fatta ma nessun movimento la nomina
          !! ATTIVITA' CHIUSA SENZA MOVIMENTI: TA-MSRDVHJV-A5X4 PICK_RET risulta fatta ma nessun movimento la nomina
          !! ATTIVITA' CHIUSA SENZA MOVIMENTI: TA-MSRLWXPI-X9XY COUNT risulta fatta ma nessun movimento la nomina
00:13:46  MOV  IN 6000366#123456 MAG-ACC-03 colli 0->5 (d 5) um d None [ANAD]
          !! ATTIVITA' CHIUSA SENZA MOVIMENTI: TA-MSRDCJ98-J3N9 PICK_SHIP risulta fatta ma nessun movimento la nomina
          !! ATTIVITA' CHIUSA SENZA MOVIMENTI: TA-MSRDVHJV-A5X4 PICK_RET risulta fatta ma nessun movimento la nomina
          !! ATTIVITA' CHIUSA SENZA MOVIMENTI: TA-MSRLWXPI-X9XY COUNT risulta fatta ma nessun movimento la nomina
          !! ATTIVITA' CHIUSA SENZA MOVIMENTI: TA-MSRDCJ98-J3N9 PICK_SHIP risulta fatta ma nessun movimento la nomina
          !! ATTIVITA' CHIUSA SENZA MOVIMENTI: TA-MSRDVHJV-A5X4 PICK_RET risulta fatta ma nessun movimento la nomina
          !! ATTIVITA' CHIUSA SENZA MOVIMENTI: TA-MSRLWXPI-X9XY COUNT risulta fatta ma nessun movimento la nomina
          !! ATTIVITA' CHIUSA SENZA MOVIMENTI: TA-MSRDCJ98-J3N9 PICK_SHIP risulta fatta ma nessun movimento la nomina
          !! ATTIVITA' CHIUSA SENZA MOVIMENTI: TA-MSRDVHJV-A5X4 PICK_RET risulta fatta ma nessun movimento la nomina
          !! ATTIVITA' CHIUSA SENZA MOVIMENTI: TA-MSRLWXPI-X9XY COUNT risulta fatta ma nessun movimento la nomina
          !! ATTIVITA' CHIUSA SENZA MOVIMENTI: TA-MSRDCJ98-J3N9 PICK_SHIP risulta fatta ma nessun movimento la nomina
          !! ATTIVITA' CHIUSA SENZA MOVIMENTI: TA-MSRDVHJV-A5X4 PICK_RET risulta fatta ma nessun movimento la nomina
          !! ATTIVITA' CHIUSA SENZA MOVIMENTI: TA-MSRLWXPI-X9XY COUNT risulta fatta ma nessun movimento la nomina
          !! ATTIVITA' CHIUSA SENZA MOVIMENTI: TA-MSRDCJ98-J3N9 PICK_SHIP risulta fatta ma nessun movimento la nomina
          !! ATTIVITA' CHIUSA SENZA MOVIMENTI: TA-MSRDVHJV-A5X4 PICK_RET risulta fatta ma nessun movimento la nomina
          !! ATTIVITA' CHIUSA SENZA MOVIMENTI: TA-MSRLWXPI-X9XY COUNT risulta fatta ma nessun movimento la nomina
          !! ATTIVITA' CHIUSA SENZA MOVIMENTI: TA-MSRDCJ98-J3N9 PICK_SHIP risulta fatta ma nessun movimento la nomina
          !! ATTIVITA' CHIUSA SENZA MOVIMENTI: TA-MSRDVHJV-A5X4 PICK_RET risulta fatta ma nessun movimento la nomina
          !! ATTIVITA' CHIUSA SENZA MOVIMENTI: TA-MSRLWXPI-X9XY COUNT risulta fatta ma nessun movimento la nomina
          !! ATTIVITA' CHIUSA SENZA MOVIMENTI: TA-MSRDCJ98-J3N9 PICK_SHIP risulta fatta ma nessun movimento la nomina
          !! ATTIVITA' CHIUSA SENZA MOVIMENTI: TA-MSRDVHJV-A5X4 PICK_RET risulta fatta ma nessun movimento la nomina
          !! ATTIVITA' CHIUSA SENZA MOVIMENTI: TA-MSRLWXPI-X9XY COUNT risulta fatta ma nessun movimento la nomina
          !! ATTIVITA' CHIUSA SENZA MOVIMENTI: TA-MSRDCJ98-J3N9 PICK_SHIP risulta fatta ma nessun movimento la nomina
          !! ATTIVITA' CHIUSA SENZA MOVIMENTI: TA-MSRDVHJV-A5X4 PICK_RET risulta fatta ma nessun movimento la nomina
          !! ATTIVITA' CHIUSA SENZA MOVIMENTI: TA-MSRLWXPI-X9XY COUNT risulta fatta ma nessun movimento la nomina
          !! ATTIVITA' CHIUSA SENZA MOVIMENTI: TA-MSRDCJ98-J3N9 PICK_SHIP risulta fatta ma nessun movimento la nomina
          !! ATTIVITA' CHIUSA SENZA MOVIMENTI: TA-MSRDVHJV-A5X4 PICK_RET risulta fatta ma nessun movimento la nomina
          !! ATTIVITA' CHIUSA SENZA MOVIMENTI: TA-MSRLWXPI-X9XY COUNT risulta fatta ma nessun movimento la nomina
          !! ATTIVITA' CHIUSA SENZA MOVIMENTI: TA-MSRDCJ98-J3N9 PICK_SHIP risulta fatta ma nessun movimento la nomina
          !! ATTIVITA' CHIUSA SENZA MOVIMENTI: TA-MSRDVHJV-A5X4 PICK_RET risulta fatta ma nessun movimento la nomina
          !! ATTIVITA' CHIUSA SENZA MOVIMENTI: TA-MSRLWXPI-X9XY COUNT risulta fatta ma nessun movimento la nomina
          !! ATTIVITA' CHIUSA SENZA MOVIMENTI: TA-MSRDCJ98-J3N9 PICK_SHIP risulta fatta ma nessun movimento la nomina
          !! ATTIVITA' CHIUSA SENZA MOVIMENTI: TA-MSRDVHJV-A5X4 PICK_RET risulta fatta ma nessun movimento la nomina
          !! ATTIVITA' CHIUSA SENZA MOVIMENTI: TA-MSRLWXPI-X9XY COUNT risulta fatta ma nessun movimento la nomina
          !! ATTIVITA' CHIUSA SENZA MOVIMENTI: TA-MSRDCJ98-J3N9 PICK_SHIP risulta fatta ma nessun movimento la nomina
          !! ATTIVITA' CHIUSA SENZA MOVIMENTI: TA-MSRDVHJV-A5X4 PICK_RET risulta fatta ma nessun movimento la nomina
          !! ATTIVITA' CHIUSA SENZA MOVIMENTI: TA-MSRLWXPI-X9XY COUNT risulta fatta ma nessun movimento la nomina
          !! ATTIVITA' CHIUSA SENZA MOVIMENTI: TA-MSRDCJ98-J3N9 PICK_SHIP risulta fatta ma nessun movimento la nomina
          !! ATTIVITA' CHIUSA SENZA MOVIMENTI: TA-MSRDVHJV-A5X4 PICK_RET risulta fatta ma nessun movimento la nomina
          !! ATTIVITA' CHIUSA SENZA MOVIMENTI: TA-MSRLWXPI-X9XY COUNT risulta fatta ma nessun movimento la nomina
          !! ATTIVITA' CHIUSA SENZA MOVIMENTI: TA-MSRDCJ98-J3N9 PICK_SHIP risulta fatta ma nessun movimento la nomina
          !! ATTIVITA' CHIUSA SENZA MOVIMENTI: TA-MSRDVHJV-A5X4 PICK_RET risulta fatta ma nessun movimento la nomina
          !! ATTIVITA' CHIUSA SENZA MOVIMENTI: TA-MSRLWXPI-X9XY COUNT risulta fatta ma nessun movimento la nomina
          !! ATTIVITA' CHIUSA SENZA MOVIMENTI: TA-MSRDCJ98-J3N9 PICK_SHIP risulta fatta ma nessun movimento la nomina
          !! ATTIVITA' CHIUSA SENZA MOVIMENTI: TA-MSRDVHJV-A5X4 PICK_RET risulta fatta ma nessun movimento la nomina
          !! ATTIVITA' CHIUSA SENZA MOVIMENTI: TA-MSRLWXPI-X9XY COUNT risulta fatta ma nessun movimento la nomina
          !! ATTIVITA' CHIUSA SENZA MOVIMENTI: TA-MSRDCJ98-J3N9 PICK_SHIP risulta fatta ma nessun movimento la nomina
          !! ATTIVITA' CHIUSA SENZA MOVIMENTI: TA-MSRDVHJV-A5X4 PICK_RET risulta fatta ma nessun movimento la nomina
          !! ATTIVITA' CHIUSA SENZA MOVIMENTI: TA-MSRLWXPI-X9XY COUNT risulta fatta ma nessun movimento la nomina
          !! ATTIVITA' CHIUSA SENZA MOVIMENTI: TA-MSRDCJ98-J3N9 PICK_SHIP risulta fatta ma nessun movimento la nomina
          !! ATTIVITA' CHIUSA SENZA MOVIMENTI: TA-MSRDVHJV-A5X4 PICK_RET risulta fatta ma nessun movimento la nomina
          !! ATTIVITA' CHIUSA SENZA MOVIMENTI: TA-MSRLWXPI-X9XY COUNT risulta fatta ma nessun movimento la nomina
          !! ATTIVITA' CHIUSA SENZA MOVIMENTI: TA-MSRDCJ98-J3N9 PICK_SHIP risulta fatta ma nessun movimento la nomina
          !! ATTIVITA' CHIUSA SENZA MOVIMENTI: TA-MSRDVHJV-A5X4 PICK_RET risulta fatta ma nessun movimento la nomina
          !! ATTIVITA' CHIUSA SENZA MOVIMENTI: TA-MSRLWXPI-X9XY COUNT risulta fatta ma nessun movimento la nomina
          !! ATTIVITA' CHIUSA SENZA MOVIMENTI: TA-MSRDCJ98-J3N9 PICK_SHIP risulta fatta ma nessun movimento la nomina
          !! ATTIVITA' CHIUSA SENZA MOVIMENTI: TA-MSRDVHJV-A5X4 PICK_RET risulta fatta ma nessun movimento la nomina
          !! ATTIVITA' CHIUSA SENZA MOVIMENTI: TA-MSRLWXPI-X9XY COUNT risulta fatta ma nessun movimento la nomina
          !! ATTIVITA' CHIUSA SENZA MOVIMENTI: TA-MSRDCJ98-J3N9 PICK_SHIP risulta fatta ma nessun movimento la nomina
          !! ATTIVITA' CHIUSA SENZA MOVIMENTI: TA-MSRDVHJV-A5X4 PICK_RET risulta fatta ma nessun movimento la nomina
          !! ATTIVITA' CHIUSA SENZA MOVIMENTI: TA-MSRLWXPI-X9XY COUNT risulta fatta ma nessun movimento la nomina
          !! ATTIVITA' CHIUSA SENZA MOVIMENTI: TA-MSRDCJ98-J3N9 PICK_SHIP risulta fatta ma nessun movimento la nomina
          !! ATTIVITA' CHIUSA SENZA MOVIMENTI: TA-MSRDVHJV-A5X4 PICK_RET risulta fatta ma nessun movimento la nomina
          !! ATTIVITA' CHIUSA SENZA MOVIMENTI: TA-MSRLWXPI-X9XY COUNT risulta fatta ma nessun movimento la nomina
          !! ATTIVITA' CHIUSA SENZA MOVIMENTI: TA-MSRDCJ98-J3N9 PICK_SHIP risulta fatta ma nessun movimento la nomina
          !! ATTIVITA' CHIUSA SENZA MOVIMENTI: TA-MSRDVHJV-A5X4 PICK_RET risulta fatta ma nessun movimento la nomina
          !! ATTIVITA' CHIUSA SENZA MOVIMENTI: TA-MSRLWXPI-X9XY COUNT risulta fatta ma nessun movimento la nomina
          !! ATTIVITA' CHIUSA SENZA MOVIMENTI: TA-MSRDCJ98-J3N9 PICK_SHIP risulta fatta ma nessun movimento la nomina
          !! ATTIVITA' CHIUSA SENZA MOVIMENTI: TA-MSRDVHJV-A5X4 PICK_RET risulta fatta ma nessun movimento la nomina
          !! ATTIVITA' CHIUSA SENZA MOVIMENTI: TA-MSRLWXPI-X9XY COUNT risulta fatta ma nessun movimento la nomina
          !! ATTIVITA' CHIUSA SENZA MOVIMENTI: TA-MSRDCJ98-J3N9 PICK_SHIP risulta fatta ma nessun movimento la nomina
          !! ATTIVITA' CHIUSA SENZA MOVIMENTI: TA-MSRDVHJV-A5X4 PICK_RET risulta fatta ma nessun movimento la nomina
          !! ATTIVITA' CHIUSA SENZA MOVIMENTI: TA-MSRLWXPI-X9XY COUNT risulta fatta ma nessun movimento la nomina
          !! ATTIVITA' CHIUSA SENZA MOVIMENTI: TA-MSRDCJ98-J3N9 PICK_SHIP risulta fatta ma nessun movimento la nomina
          !! ATTIVITA' CHIUSA SENZA MOVIMENTI: TA-MSRDVHJV-A5X4 PICK_RET risulta fatta ma nessun movimento la nomina
          !! ATTIVITA' CHIUSA SENZA MOVIMENTI: TA-MSRLWXPI-X9XY COUNT risulta fatta ma nessun movimento la nomina
