[pathfinder] guasto: SqliteError: no such table: movements
    at Database.prepare (C:\Users\sacch\OneDrive\Desktop\PROGETTI E CODING\MAPPER\server\node_modules\better-sqlite3\lib\methods\wrappers.js:5:21)
    at PathfinderDB.count (C:\Users\sacch\OneDrive\Desktop\PROGETTI E CODING\MAPPER\server\lib\db.js:233:20)
    at C:\Users\sacch\OneDrive\Desktop\PROGETTI E CODING\MAPPER\server\pathfinder-server.js:269:24
    at C:\Users\sacch\OneDrive\Desktop\PROGETTI E CODING\MAPPER\server\pathfinder-server.js:231:9
    at Layer.handle [as handle_request] (C:\Users\sacch\OneDrive\Desktop\PROGETTI E CODING\MAPPER\server\node_modules\express\lib\router\layer.js:95:5)
    at next (C:\Users\sacch\OneDrive\Desktop\PROGETTI E CODING\MAPPER\server\node_modules\express\lib\router\route.js:149:13)
    at Route.dispatch (C:\Users\sacch\OneDrive\Desktop\PROGETTI E CODING\MAPPER\server\node_modules\express\lib\router\route.js:119:3)
    at Layer.handle [as handle_request] (C:\Users\sacch\OneDrive\Desktop\PROGETTI E CODING\MAPPER\server\node_modules\express\lib\router\layer.js:95:5)
    at C:\Users\sacch\OneDrive\Desktop\PROGETTI E CODING\MAPPER\server\node_modules\express\lib\router\index.js:284:15
    at param (C:\Users\sacch\OneDrive\Desktop\PROGETTI E CODING\MAPPER\server\node_modules\express\lib\router\index.js:365:14) {
  code: 'SQLITE_ERROR'
}
[pathfinder] guasto: SqliteError: no such table: items
    at Database.prepare (C:\Users\sacch\OneDrive\Desktop\PROGETTI E CODING\MAPPER\server\node_modules\better-sqlite3\lib\methods\wrappers.js:5:21)
    at PathfinderDB.count (C:\Users\sacch\OneDrive\Desktop\PROGETTI E CODING\MAPPER\server\lib\db.js:233:20)
    at C:\Users\sacch\OneDrive\Desktop\PROGETTI E CODING\MAPPER\server\pathfinder-server.js:269:24
    at C:\Users\sacch\OneDrive\Desktop\PROGETTI E CODING\MAPPER\server\pathfinder-server.js:231:9
    at Layer.handle [as handle_request] (C:\Users\sacch\OneDrive\Desktop\PROGETTI E CODING\MAPPER\server\node_modules\express\lib\router\layer.js:95:5)
    at next (C:\Users\sacch\OneDrive\Desktop\PROGETTI E CODING\MAPPER\server\node_modules\express\lib\router\route.js:149:13)
    at Route.dispatch (C:\Users\sacch\OneDrive\Desktop\PROGETTI E CODING\MAPPER\server\node_modules\express\lib\router\route.js:119:3)
    at Layer.handle [as handle_request] (C:\Users\sacch\OneDrive\Desktop\PROGETTI E CODING\MAPPER\server\node_modules\express\lib\router\layer.js:95:5)
    at C:\Users\sacch\OneDrive\Desktop\PROGETTI E CODING\MAPPER\server\node_modules\express\lib\router\index.js:284:15
    at param (C:\Users\sacch\OneDrive\Desktop\PROGETTI E CODING\MAPPER\server\node_modules\express\lib\router\index.js:365:14) {
  code: 'SQLITE_ERROR'
}
[pathfinder] guasto: SqliteError: no such table: locStatus
    at Database.prepare (C:\Users\sacch\OneDrive\Desktop\PROGETTI E CODING\MAPPER\server\node_modules\better-sqlite3\lib\methods\wrappers.js:5:21)
    at PathfinderDB.count (C:\Users\sacch\OneDrive\Desktop\PROGETTI E CODING\MAPPER\server\lib\db.js:233:20)
    at C:\Users\sacch\OneDrive\Desktop\PROGETTI E CODING\MAPPER\server\pathfinder-server.js:269:24
    at C:\Users\sacch\OneDrive\Desktop\PROGETTI E CODING\MAPPER\server\pathfinder-server.js:231:9
    at Layer.handle [as handle_request] (C:\Users\sacch\OneDrive\Desktop\PROGETTI E CODING\MAPPER\server\node_modules\express\lib\router\layer.js:95:5)
    at next (C:\Users\sacch\OneDrive\Desktop\PROGETTI E CODING\MAPPER\server\node_modules\express\lib\router\route.js:149:13)
    at Route.dispatch (C:\Users\sacch\OneDrive\Desktop\PROGETTI E CODING\MAPPER\server\node_modules\express\lib\router\route.js:119:3)
    at Layer.handle [as handle_request] (C:\Users\sacch\OneDrive\Desktop\PROGETTI E CODING\MAPPER\server\node_modules\express\lib\router\layer.js:95:5)
    at C:\Users\sacch\OneDrive\Desktop\PROGETTI E CODING\MAPPER\server\node_modules\express\lib\router\index.js:284:15
    at param (C:\Users\sacch\OneDrive\Desktop\PROGETTI E CODING\MAPPER\server\node_modules\express\lib\router\index.js:365:14) {
  code: 'SQLITE_ERROR'
}
